≡ƒÜÇ Starting Product Engineer E2E API Tests...

--- Authentication & Roles ---
Γ£à Admin Login Success
Γ£à Manager Login Success
Γ£à Employee Login Success
Γ£à Tech Team Login Success
Γ£à Investor Login Success (Password)

--- Feature Flags (Tech Team) ---
Γ£à Fetched Flags. SMS_ALERTS is ON

--- Deposit Processing (Employee) ---
Γ£à Investment Tranche created by Employee: cmmq5j5s300016fcxld5fmhnk

--- Interest Rate Revision (Manager) ---
Γ£à Rate updated to 12% by Manager

--- Referral Commission (Manager) ---
Γ£à Referral Link created: Abhishek -> Priya Test
Γ£à Commission earning credited: Γé╣500

≡ƒÄë All Product Engineer backend tests completed successfully!
