src/controllers/GoldAdvanceController.ts(54,9): error TS2345: Argument of type 'string | undefined' is not assignable to parameter of type 'string'.
  Type 'undefined' is not assignable to type 'string'.
src/controllers/StaffController.ts(53,9): error TS2322: Type '{ customer: { select: { name: true; email: true; }; }; }' is not assignable to type 'never'.
src/services/GoldAdvanceService.ts(19,9): error TS2353: Object literal may only specify known properties, and 'totalWithdrawable' does not exist in type '{ goldAdvanceAmount?: number | undefined; profitAmount?: number | undefined; referralAmount?: number | undefined; }'.
src/services/GoldAdvanceService.ts(68,9): error TS2353: Object literal may only specify known properties, and 'totalWithdrawable' does not exist in type '{ goldAdvanceAmount?: number | undefined; profitAmount?: number | undefined; referralAmount?: number | undefined; }'.
src/services/WithdrawalService.ts(40,31): error TS2551: Property 'WITHDRAWAL_REQUESTED' does not exist on type '{ CUSTOMER_CREATED: "CUSTOMER_CREATED"; GOLD_ADVANCE_DEPOSITED: "GOLD_ADVANCE_DEPOSITED"; GOLD_ADVANCE_WITHDRAWN: "GOLD_ADVANCE_WITHDRAWN"; STAFF_ASSIGNED: "STAFF_ASSIGNED"; STAFF_REASSIGNED: "STAFF_REASSIGNED"; ... 7 more ...; WALLET_ADJUSTED: "WALLET_ADJUSTED"; }'. Did you mean 'WITHDRAWAL_REJECTED'?
src/services/WithdrawalService.ts(74,61): error TS2353: Object literal may only specify known properties, and 'totalWithdrawable' does not exist in type '{ goldAdvanceAmount?: number | undefined; profitAmount?: number | undefined; referralAmount?: number | undefined; }'.
